// Jest Snapshot v1, https://goo.gl/fbAQLP

exports[`ButtonComponent renders correctly 1`] = `
<button
  className=""
  onClick={[MockFunction]}
>
  Upload file
</button>
`;

exports[`ButtonComponent testing ButtonComponent renders correctly 1`] = `
<button
  className=""
  onClick={[MockFunction]}
>
  Upload file
</button>
`;
